#! /mnt/c/Users/Admin/Downloads/oss-cad-suite-linux-x64-20260226/oss-cad-suite/bin/vvp
:ivl_version "13.0 (devel)" "(s20251012-105-g8c9cd25ef)";
:ivl_delay_selection "TYPICAL";
:vpi_time_precision + 0;
:vpi_module "/mnt/c/Users/Admin/Downloads/oss-cad-suite-linux-x64-20260226/oss-cad-suite/lib/ivl/system.vpi";
:vpi_module "/mnt/c/Users/Admin/Downloads/oss-cad-suite-linux-x64-20260226/oss-cad-suite/lib/ivl/vhdl_sys.vpi";
:vpi_module "/mnt/c/Users/Admin/Downloads/oss-cad-suite-linux-x64-20260226/oss-cad-suite/lib/ivl/vhdl_textio.vpi";
:vpi_module "/mnt/c/Users/Admin/Downloads/oss-cad-suite-linux-x64-20260226/oss-cad-suite/lib/ivl/v2005_math.vpi";
:vpi_module "/mnt/c/Users/Admin/Downloads/oss-cad-suite-linux-x64-20260226/oss-cad-suite/lib/ivl/va_math.vpi";
S_0x55558e531180 .scope module, "Data_RAM" "Data_RAM" 2 5;
 .timescale 0 0;
    .port_info 0 /INPUT 1 "clk";
    .port_info 1 /INPUT 32 "addr";
    .port_info 2 /INPUT 32 "write_data";
    .port_info 3 /INPUT 1 "read_en";
    .port_info 4 /INPUT 1 "write_en";
    .port_info 5 /OUTPUT 32 "read_data";
o0x71c80909c018 .functor BUFZ 32, c4<zzzzzzzzzzzzzzzzzzzzzzzzzzzzzzzz>; HiZ drive
v0x55558e531e80_0 .net "addr", 31 0, o0x71c80909c018;  0 drivers
o0x71c80909c048 .functor BUFZ 1, c4<z>; HiZ drive
v0x55558e57afd0_0 .net "clk", 0 0, o0x71c80909c048;  0 drivers
v0x55558e57b090_0 .var/i "i", 31 0;
v0x55558e57b150 .array "mem", 1023 0, 31 0;
v0x55558e58b240_0 .var "read_data", 31 0;
o0x71c80909c0d8 .functor BUFZ 1, c4<z>; HiZ drive
v0x55558e58b370_0 .net "read_en", 0 0, o0x71c80909c0d8;  0 drivers
o0x71c80909c108 .functor BUFZ 32, c4<zzzzzzzzzzzzzzzzzzzzzzzzzzzzzzzz>; HiZ drive
v0x55558e58b430_0 .net "write_data", 31 0, o0x71c80909c108;  0 drivers
o0x71c80909c138 .functor BUFZ 1, c4<z>; HiZ drive
v0x55558e58b510_0 .net "write_en", 0 0, o0x71c80909c138;  0 drivers
E_0x55558e569730 .event posedge, v0x55558e57afd0_0;
    .scope S_0x55558e531180;
T_0 ;
    %pushi/vec4 0, 0, 32;
    %store/vec4 v0x55558e57b090_0, 0, 32;
T_0.0 ; Top of for-loop
    %load/vec4 v0x55558e57b090_0;
    %cmpi/s 1024, 0, 32;
	  %jmp/0xz T_0.1, 5;
    %pushi/vec4 0, 0, 32;
    %ix/getv/s 4, v0x55558e57b090_0;
    %store/vec4a v0x55558e57b150, 4, 0;
T_0.2 ; for-loop step statement
    %load/vec4 v0x55558e57b090_0;
    %addi 1, 0, 32;
    %store/vec4 v0x55558e57b090_0, 0, 32;
    %jmp T_0.0;
T_0.1 ; for-loop exit label
    %end;
    .thread T_0;
    .scope S_0x55558e531180;
T_1 ;
    %wait E_0x55558e569730;
    %load/vec4 v0x55558e58b510_0;
    %flag_set/vec4 8;
    %jmp/0xz  T_1.0, 8;
    %load/vec4 v0x55558e58b430_0;
    %load/vec4 v0x55558e531e80_0;
    %parti/s 10, 2, 3;
    %pad/u 12;
    %ix/vec4 3;
    %ix/load 4, 0, 0; Constant delay
    %assign/vec4/a/d v0x55558e57b150, 0, 4;
T_1.0 ;
    %load/vec4 v0x55558e58b370_0;
    %flag_set/vec4 8;
    %jmp/0xz  T_1.2, 8;
    %load/vec4 v0x55558e531e80_0;
    %parti/s 10, 2, 3;
    %pad/u 12;
    %ix/vec4 4;
    %load/vec4a v0x55558e57b150, 4;
    %assign/vec4 v0x55558e58b240_0, 0;
T_1.2 ;
    %jmp T_1;
    .thread T_1;
# The file index is used to find the file name in the following table.
:file_names 3;
    "N/A";
    "<interactive>";
    "/mnt/d/1 - FPGA/5 - RISCV/4 - Pipeline_RISCV/CORE/Data_RAM.v";
