Flow report for pipeline_riscv
Thu Apr 16 23:18:18 2026
Quartus Prime Version 20.1.0 Build 711 06/05/2020 SJ Lite Edition


---------------------
; Table of Contents ;
---------------------
  1. Legal Notice
  2. Flow Summary
  3. Flow Settings
  4. Flow Non-Default Global Settings
  5. Flow Elapsed Time
  6. Flow OS Summary
  7. Flow Log
  8. Flow Messages
  9. Flow Suppressed Messages



----------------
; Legal Notice ;
----------------
Copyright (C) 2020  Intel Corporation. All rights reserved.
Your use of Intel Corporation's design tools, logic functions 
and other software and tools, and any partner logic 
functions, and any output files from any of the foregoing 
(including device programming or simulation files), and any 
associated documentation or information are expressly subject 
to the terms and conditions of the Intel Program License 
Subscription Agreement, the Intel Quartus Prime License Agreement,
the Intel FPGA IP License Agreement, or other applicable license
agreement, including, without limitation, that your use is for
the sole purpose of programming logic devices manufactured by
Intel and sold by Intel or its authorized distributors.  Please
refer to the applicable agreement for further details, at
https://fpgasoftware.intel.com/eula.



+----------------------------------------------------------------------------------+
; Flow Summary                                                                     ;
+------------------------------------+---------------------------------------------+
; Flow Status                        ; Successful - Thu Apr 16 23:18:18 2026       ;
; Quartus Prime Version              ; 20.1.0 Build 711 06/05/2020 SJ Lite Edition ;
; Revision Name                      ; pipeline_riscv                              ;
; Top-level Entity Name              ; CPU                                         ;
; Family                             ; MAX 10                                      ;
; Device                             ; 10M50DAF484C7G                              ;
; Timing Models                      ; Final                                       ;
; Total logic elements               ; 1 / 49,760 ( < 1 % )                        ;
;     Total combinational functions  ; 1 / 49,760 ( < 1 % )                        ;
;     Dedicated logic registers      ; 0 / 49,760 ( 0 % )                          ;
; Total registers                    ; 0                                           ;
; Total pins                         ; 2 / 360 ( < 1 % )                           ;
; Total virtual pins                 ; 0                                           ;
; Total memory bits                  ; 0 / 1,677,312 ( 0 % )                       ;
; Embedded Multiplier 9-bit elements ; 0 / 288 ( 0 % )                             ;
; Total PLLs                         ; 0 / 4 ( 0 % )                               ;
; UFM blocks                         ; 0 / 1 ( 0 % )                               ;
; ADC blocks                         ; 0 / 2 ( 0 % )                               ;
+------------------------------------+---------------------------------------------+


+-----------------------------------------+
; Flow Settings                           ;
+-------------------+---------------------+
; Option            ; Setting             ;
+-------------------+---------------------+
; Start date & time ; 04/16/2026 23:17:57 ;
; Main task         ; Compilation         ;
; Revision Name     ; pipeline_riscv      ;
+-------------------+---------------------+


+-----------------------------------------------------------------------------------------------------------------------------------+
; Flow Non-Default Global Settings                                                                                                  ;
+--------------------------------------+----------------------------------------+----------------+-------------+--------------------+
; Assignment Name                      ; Value                                  ; Default Value  ; Entity Name ; Section Id         ;
+--------------------------------------+----------------------------------------+----------------+-------------+--------------------+
; COMPILER_SIGNATURE_ID                ; 91761593231.177635627713592            ; --             ; --          ; --                 ;
; EDA_DESIGN_INSTANCE_NAME             ; NA                                     ; --             ; --          ; tb_CPU             ;
; EDA_DESIGN_INSTANCE_NAME             ; NA                                     ; --             ; --          ; tb_Hazard_Unit     ;
; EDA_DESIGN_INSTANCE_NAME             ; NA                                     ; --             ; --          ; tb_Forwarding_Unit ;
; EDA_DESIGN_INSTANCE_NAME             ; NA                                     ; --             ; --          ; tb_Fetch_Cycle     ;
; EDA_DESIGN_INSTANCE_NAME             ; NA                                     ; --             ; --          ; tb_Writeback_Cycle ;
; EDA_DESIGN_INSTANCE_NAME             ; NA                                     ; --             ; --          ; tb_Memory_Cycle    ;
; EDA_DESIGN_INSTANCE_NAME             ; NA                                     ; --             ; --          ; tb_Decode_Cycle    ;
; EDA_DESIGN_INSTANCE_NAME             ; NA                                     ; --             ; --          ; tb_Control_Unit    ;
; EDA_DESIGN_INSTANCE_NAME             ; NA                                     ; --             ; --          ; tb_Execute_Cycle   ;
; EDA_NATIVELINK_SIMULATION_TEST_BENCH ; tb_CPU                                 ; --             ; --          ; eda_simulation     ;
; EDA_OUTPUT_DATA_FORMAT               ; Verilog Hdl                            ; --             ; --          ; eda_simulation     ;
; EDA_SIMULATION_TOOL                  ; ModelSim-Altera (Verilog)              ; <None>         ; --          ; --                 ;
; EDA_TEST_BENCH_ENABLE_STATUS         ; TEST_BENCH_MODE                        ; --             ; --          ; eda_simulation     ;
; EDA_TEST_BENCH_FILE                  ; CORE/tb_CPU.v                          ; --             ; --          ; tb_CPU             ;
; EDA_TEST_BENCH_FILE                  ; CORE/tb_Hazard_Unit.v                  ; --             ; --          ; tb_Hazard_Unit     ;
; EDA_TEST_BENCH_FILE                  ; CORE/tb_Forwarding_Unit.v              ; --             ; --          ; tb_Forwarding_Unit ;
; EDA_TEST_BENCH_FILE                  ; CORE/tb_Fetch_Cycle.v                  ; --             ; --          ; tb_Fetch_Cycle     ;
; EDA_TEST_BENCH_FILE                  ; CORE/tb_Writeback_Cycle.v              ; --             ; --          ; tb_Writeback_Cycle ;
; EDA_TEST_BENCH_FILE                  ; CORE/tb_Memory_Cycle.v                 ; --             ; --          ; tb_Memory_Cycle    ;
; EDA_TEST_BENCH_FILE                  ; CORE/tb_Decode_Cycle.v                 ; --             ; --          ; tb_Decode_Cycle    ;
; EDA_TEST_BENCH_FILE                  ; CORE/tb_Control_Unit.v                 ; --             ; --          ; tb_Control_Unit    ;
; EDA_TEST_BENCH_FILE                  ; CORE/tb_Execute_Cycle.v                ; --             ; --          ; tb_Execute_Cycle   ;
; EDA_TEST_BENCH_MODULE_NAME           ; tb_CPU                                 ; --             ; --          ; tb_CPU             ;
; EDA_TEST_BENCH_MODULE_NAME           ; tb_Hazard_Unit                         ; --             ; --          ; tb_Hazard_Unit     ;
; EDA_TEST_BENCH_MODULE_NAME           ; tb_Forwarding_Unit                     ; --             ; --          ; tb_Forwarding_Unit ;
; EDA_TEST_BENCH_MODULE_NAME           ; tb_Fetch_Cycle                         ; --             ; --          ; tb_Fetch_Cycle     ;
; EDA_TEST_BENCH_MODULE_NAME           ; tb_Writeback_Cycle                     ; --             ; --          ; tb_Writeback_Cycle ;
; EDA_TEST_BENCH_MODULE_NAME           ; tb_Memory_Cycle                        ; --             ; --          ; tb_Memory_Cycle    ;
; EDA_TEST_BENCH_MODULE_NAME           ; tb_Decode_Cycle                        ; --             ; --          ; tb_Decode_Cycle    ;
; EDA_TEST_BENCH_MODULE_NAME           ; tb_Control_Unit                        ; --             ; --          ; tb_Control_Unit    ;
; EDA_TEST_BENCH_MODULE_NAME           ; tb_Execute_Cycle                       ; --             ; --          ; tb_Execute_Cycle   ;
; EDA_TEST_BENCH_NAME                  ; tb_Fetch_Cycle                         ; --             ; --          ; eda_simulation     ;
; EDA_TEST_BENCH_NAME                  ; tb_Control_Unit                        ; --             ; --          ; eda_simulation     ;
; EDA_TEST_BENCH_NAME                  ; tb_Decode_Cycle                        ; --             ; --          ; eda_simulation     ;
; EDA_TEST_BENCH_NAME                  ; tb_Execute_Cycle                       ; --             ; --          ; eda_simulation     ;
; EDA_TEST_BENCH_NAME                  ; tb_Memory_Cycle                        ; --             ; --          ; eda_simulation     ;
; EDA_TEST_BENCH_NAME                  ; tb_Writeback_Cycle                     ; --             ; --          ; eda_simulation     ;
; EDA_TEST_BENCH_NAME                  ; tb_Forwarding_Unit                     ; --             ; --          ; eda_simulation     ;
; EDA_TEST_BENCH_NAME                  ; tb_Hazard_Unit                         ; --             ; --          ; eda_simulation     ;
; EDA_TEST_BENCH_NAME                  ; tb_CPU                                 ; --             ; --          ; eda_simulation     ;
; EDA_TIME_SCALE                       ; 1 ps                                   ; --             ; --          ; eda_simulation     ;
; MAX_CORE_JUNCTION_TEMP               ; 85                                     ; --             ; --          ; --                 ;
; MIN_CORE_JUNCTION_TEMP               ; 0                                      ; --             ; --          ; --                 ;
; OUTPUT_IO_TIMING_FAR_END_VMEAS       ; Half Signal Swing                      ; --             ; --          ; --                 ;
; OUTPUT_IO_TIMING_FAR_END_VMEAS       ; Half Signal Swing                      ; --             ; --          ; --                 ;
; OUTPUT_IO_TIMING_NEAR_END_VMEAS      ; Half Vccio                             ; --             ; --          ; --                 ;
; OUTPUT_IO_TIMING_NEAR_END_VMEAS      ; Half Vccio                             ; --             ; --          ; --                 ;
; PARTITION_COLOR                      ; -- (Not supported for targeted family) ; --             ; CPU         ; Top                ;
; PARTITION_FITTER_PRESERVATION_LEVEL  ; -- (Not supported for targeted family) ; --             ; CPU         ; Top                ;
; PARTITION_NETLIST_TYPE               ; -- (Not supported for targeted family) ; --             ; CPU         ; Top                ;
; POWER_BOARD_THERMAL_MODEL            ; None (CONSERVATIVE)                    ; --             ; --          ; --                 ;
; POWER_PRESET_COOLING_SOLUTION        ; 23 MM HEAT SINK WITH 200 LFPM AIRFLOW  ; --             ; --          ; --                 ;
; PROJECT_OUTPUT_DIRECTORY             ; output_files                           ; --             ; --          ; --                 ;
; TOP_LEVEL_ENTITY                     ; CPU                                    ; pipeline_riscv ; --          ; --                 ;
+--------------------------------------+----------------------------------------+----------------+-------------+--------------------+


+--------------------------------------------------------------------------------------------------------------------------+
; Flow Elapsed Time                                                                                                        ;
+----------------------+--------------+-------------------------+---------------------+------------------------------------+
; Module Name          ; Elapsed Time ; Average Processors Used ; Peak Virtual Memory ; Total CPU Time (on all processors) ;
+----------------------+--------------+-------------------------+---------------------+------------------------------------+
; Analysis & Synthesis ; 00:00:06     ; 1.0                     ; 4742 MB             ; 00:00:16                           ;
; Fitter               ; 00:00:07     ; 1.0                     ; 5920 MB             ; 00:00:06                           ;
; Assembler            ; 00:00:02     ; 1.0                     ; 4707 MB             ; 00:00:02                           ;
; Timing Analyzer      ; 00:00:02     ; 1.0                     ; 4881 MB             ; 00:00:01                           ;
; EDA Netlist Writer   ; 00:00:00     ; 1.0                     ; 4657 MB             ; 00:00:00                           ;
; Total                ; 00:00:17     ; --                      ; --                  ; 00:00:25                           ;
+----------------------+--------------+-------------------------+---------------------+------------------------------------+


+------------------------------------------------------------------------------------+
; Flow OS Summary                                                                    ;
+----------------------+------------------+------------+------------+----------------+
; Module Name          ; Machine Hostname ; OS Name    ; OS Version ; Processor type ;
+----------------------+------------------+------------+------------+----------------+
; Analysis & Synthesis ; DESKTOP-EE8BB5E  ; Windows 10 ; 10.0       ; x86_64         ;
; Fitter               ; DESKTOP-EE8BB5E  ; Windows 10 ; 10.0       ; x86_64         ;
; Assembler            ; DESKTOP-EE8BB5E  ; Windows 10 ; 10.0       ; x86_64         ;
; Timing Analyzer      ; DESKTOP-EE8BB5E  ; Windows 10 ; 10.0       ; x86_64         ;
; EDA Netlist Writer   ; DESKTOP-EE8BB5E  ; Windows 10 ; 10.0       ; x86_64         ;
+----------------------+------------------+------------+------------+----------------+


------------
; Flow Log ;
------------
quartus_map --read_settings_files=on --write_settings_files=off pipeline_riscv -c pipeline_riscv
quartus_fit --read_settings_files=off --write_settings_files=off pipeline_riscv -c pipeline_riscv
quartus_asm --read_settings_files=off --write_settings_files=off pipeline_riscv -c pipeline_riscv
quartus_sta pipeline_riscv -c pipeline_riscv
quartus_eda --read_settings_files=off --write_settings_files=off pipeline_riscv -c pipeline_riscv



