Analysis & Synthesis report for pipeline_riscv
Thu Apr 16 16:14:39 2026
Quartus Prime Version 20.1.0 Build 711 06/05/2020 SJ Lite Edition


---------------------
; Table of Contents ;
---------------------
  1. Legal Notice
  2. Analysis & Synthesis Summary
  3. Analysis & Synthesis Settings
  4. Parallel Compilation
  5. Analysis & Synthesis Source Files Read
  6. Analysis & Synthesis Resource Usage Summary
  7. Analysis & Synthesis Resource Utilization by Entity
  8. General Register Statistics
  9. Port Connectivity Checks: "Execute_Cycle:Execute|ALU:alu"
 10. Port Connectivity Checks: "Execute_Cycle:Execute"
 11. Port Connectivity Checks: "Decode_Cycle:Decode|Control_Unit:control_top|Main_Decoder:decode"
 12. Port Connectivity Checks: "Decode_Cycle:Decode"
 13. Port Connectivity Checks: "Fetch_Cycle:Fetch|PC_Adder:pc_adder"
 14. Port Connectivity Checks: "Fetch_Cycle:Fetch|Instr_Memory:instruction_memory"
 15. Post-Synthesis Netlist Statistics for Top Partition
 16. Elapsed Time Per Partition
 17. Analysis & Synthesis Messages



----------------
; Legal Notice ;
----------------
Copyright (C) 2020  Intel Corporation. All rights reserved.
Your use of Intel Corporation's design tools, logic functions 
and other software and tools, and any partner logic 
functions, and any output files from any of the foregoing 
(including device programming or simulation files), and any 
associated documentation or information are expressly subject 
to the terms and conditions of the Intel Program License 
Subscription Agreement, the Intel Quartus Prime License Agreement,
the Intel FPGA IP License Agreement, or other applicable license
agreement, including, without limitation, that your use is for
the sole purpose of programming logic devices manufactured by
Intel and sold by Intel or its authorized distributors.  Please
refer to the applicable agreement for further details, at
https://fpgasoftware.intel.com/eula.



+----------------------------------------------------------------------------------+
; Analysis & Synthesis Summary                                                     ;
+------------------------------------+---------------------------------------------+
; Analysis & Synthesis Status        ; Successful - Thu Apr 16 16:14:39 2026       ;
; Quartus Prime Version              ; 20.1.0 Build 711 06/05/2020 SJ Lite Edition ;
; Revision Name                      ; pipeline_riscv                              ;
; Top-level Entity Name              ; CPU                                         ;
; Family                             ; MAX 10                                      ;
; Total logic elements               ; 0                                           ;
;     Total combinational functions  ; 0                                           ;
;     Dedicated logic registers      ; 0                                           ;
; Total registers                    ; 0                                           ;
; Total pins                         ; 2                                           ;
; Total virtual pins                 ; 0                                           ;
; Total memory bits                  ; 0                                           ;
; Embedded Multiplier 9-bit elements ; 0                                           ;
; Total PLLs                         ; 0                                           ;
; UFM blocks                         ; 0                                           ;
; ADC blocks                         ; 0                                           ;
+------------------------------------+---------------------------------------------+


+------------------------------------------------------------------------------------------------------------+
; Analysis & Synthesis Settings                                                                              ;
+------------------------------------------------------------------+--------------------+--------------------+
; Option                                                           ; Setting            ; Default Value      ;
+------------------------------------------------------------------+--------------------+--------------------+
; Device                                                           ; 10M50DAF484C7G     ;                    ;
; Top-level entity name                                            ; CPU                ; pipeline_riscv     ;
; Family name                                                      ; MAX 10             ; Cyclone V          ;
; Use smart compilation                                            ; Off                ; Off                ;
; Enable parallel Assembler and Timing Analyzer during compilation ; On                 ; On                 ;
; Enable compact report table                                      ; Off                ; Off                ;
; Restructure Multiplexers                                         ; Auto               ; Auto               ;
; Create Debugging Nodes for IP Cores                              ; Off                ; Off                ;
; Preserve fewer node names                                        ; On                 ; On                 ;
; Intel FPGA IP Evaluation Mode                                    ; Enable             ; Enable             ;
; Verilog Version                                                  ; Verilog_2001       ; Verilog_2001       ;
; VHDL Version                                                     ; VHDL_1993          ; VHDL_1993          ;
; State Machine Processing                                         ; Auto               ; Auto               ;
; Safe State Machine                                               ; Off                ; Off                ;
; Extract Verilog State Machines                                   ; On                 ; On                 ;
; Extract VHDL State Machines                                      ; On                 ; On                 ;
; Ignore Verilog initial constructs                                ; Off                ; Off                ;
; Iteration limit for constant Verilog loops                       ; 5000               ; 5000               ;
; Iteration limit for non-constant Verilog loops                   ; 250                ; 250                ;
; Add Pass-Through Logic to Inferred RAMs                          ; On                 ; On                 ;
; Infer RAMs from Raw Logic                                        ; On                 ; On                 ;
; Parallel Synthesis                                               ; On                 ; On                 ;
; DSP Block Balancing                                              ; Auto               ; Auto               ;
; NOT Gate Push-Back                                               ; On                 ; On                 ;
; Power-Up Don't Care                                              ; On                 ; On                 ;
; Remove Redundant Logic Cells                                     ; Off                ; Off                ;
; Remove Duplicate Registers                                       ; On                 ; On                 ;
; Ignore CARRY Buffers                                             ; Off                ; Off                ;
; Ignore CASCADE Buffers                                           ; Off                ; Off                ;
; Ignore GLOBAL Buffers                                            ; Off                ; Off                ;
; Ignore ROW GLOBAL Buffers                                        ; Off                ; Off                ;
; Ignore LCELL Buffers                                             ; Off                ; Off                ;
; Ignore SOFT Buffers                                              ; On                 ; On                 ;
; Limit AHDL Integers to 32 Bits                                   ; Off                ; Off                ;
; Optimization Technique                                           ; Balanced           ; Balanced           ;
; Carry Chain Length                                               ; 70                 ; 70                 ;
; Auto Carry Chains                                                ; On                 ; On                 ;
; Auto Open-Drain Pins                                             ; On                 ; On                 ;
; Perform WYSIWYG Primitive Resynthesis                            ; Off                ; Off                ;
; Auto ROM Replacement                                             ; On                 ; On                 ;
; Auto RAM Replacement                                             ; On                 ; On                 ;
; Auto DSP Block Replacement                                       ; On                 ; On                 ;
; Auto Shift Register Replacement                                  ; Auto               ; Auto               ;
; Allow Shift Register Merging across Hierarchies                  ; Auto               ; Auto               ;
; Auto Clock Enable Replacement                                    ; On                 ; On                 ;
; Strict RAM Replacement                                           ; Off                ; Off                ;
; Allow Synchronous Control Signals                                ; On                 ; On                 ;
; Force Use of Synchronous Clear Signals                           ; Off                ; Off                ;
; Auto RAM Block Balancing                                         ; On                 ; On                 ;
; Auto RAM to Logic Cell Conversion                                ; Off                ; Off                ;
; Auto Resource Sharing                                            ; Off                ; Off                ;
; Allow Any RAM Size For Recognition                               ; Off                ; Off                ;
; Allow Any ROM Size For Recognition                               ; Off                ; Off                ;
; Allow Any Shift Register Size For Recognition                    ; Off                ; Off                ;
; Use LogicLock Constraints during Resource Balancing              ; On                 ; On                 ;
; Ignore translate_off and synthesis_off directives                ; Off                ; Off                ;
; Timing-Driven Synthesis                                          ; On                 ; On                 ;
; Report Parameter Settings                                        ; On                 ; On                 ;
; Report Source Assignments                                        ; On                 ; On                 ;
; Report Connectivity Checks                                       ; On                 ; On                 ;
; Ignore Maximum Fan-Out Assignments                               ; Off                ; Off                ;
; Synchronization Register Chain Length                            ; 2                  ; 2                  ;
; Power Optimization During Synthesis                              ; Normal compilation ; Normal compilation ;
; HDL message level                                                ; Level2             ; Level2             ;
; Suppress Register Optimization Related Messages                  ; Off                ; Off                ;
; Number of Removed Registers Reported in Synthesis Report         ; 5000               ; 5000               ;
; Number of Swept Nodes Reported in Synthesis Report               ; 5000               ; 5000               ;
; Number of Inverted Registers Reported in Synthesis Report        ; 100                ; 100                ;
; Clock MUX Protection                                             ; On                 ; On                 ;
; Auto Gated Clock Conversion                                      ; Off                ; Off                ;
; Block Design Naming                                              ; Auto               ; Auto               ;
; SDC constraint protection                                        ; Off                ; Off                ;
; Synthesis Effort                                                 ; Auto               ; Auto               ;
; Shift Register Replacement - Allow Asynchronous Clear Signal     ; On                 ; On                 ;
; Pre-Mapping Resynthesis Optimization                             ; Off                ; Off                ;
; Analysis & Synthesis Message Level                               ; Medium             ; Medium             ;
; Disable Register Merging Across Hierarchies                      ; Auto               ; Auto               ;
; Resource Aware Inference For Block RAM                           ; On                 ; On                 ;
+------------------------------------------------------------------+--------------------+--------------------+


+------------------------------------------+
; Parallel Compilation                     ;
+----------------------------+-------------+
; Processors                 ; Number      ;
+----------------------------+-------------+
; Number detected on machine ; 16          ;
; Maximum allowed            ; 8           ;
;                            ;             ;
; Average used               ; 1.00        ;
; Maximum used               ; 1           ;
;                            ;             ;
; Usage by Processor         ; % Time Used ;
;     Processor 1            ; 100.0%      ;
+----------------------------+-------------+


+------------------------------------------------------------------------------------------------------------------------------------------------------------------------------+
; Analysis & Synthesis Source Files Read                                                                                                                                       ;
+----------------------------------+-----------------+---------------------------------------------+-----------------------------------------------------------------+---------+
; File Name with User-Entered Path ; Used in Netlist ; File Type                                   ; File Name with Absolute Path                                    ; Library ;
+----------------------------------+-----------------+---------------------------------------------+-----------------------------------------------------------------+---------+
; CORE/CPU.v                       ; yes             ; User Verilog HDL File                       ; D:/1 - FPGA/5 - RISCV/4 - Pipeline_RISCV/CORE/CPU.v             ;         ;
; CORE/Fetch_Cycle.v               ; yes             ; User Verilog HDL File                       ; D:/1 - FPGA/5 - RISCV/4 - Pipeline_RISCV/CORE/Fetch_Cycle.v     ;         ;
; CORE/PC_MUX.v                    ; yes             ; User Verilog HDL File                       ; D:/1 - FPGA/5 - RISCV/4 - Pipeline_RISCV/CORE/PC_MUX.v          ;         ;
; CORE/Program_Counter.v           ; yes             ; User Verilog HDL File                       ; D:/1 - FPGA/5 - RISCV/4 - Pipeline_RISCV/CORE/Program_Counter.v ;         ;
; CORE/Instr_Memory.v              ; yes             ; User Verilog HDL File                       ; D:/1 - FPGA/5 - RISCV/4 - Pipeline_RISCV/CORE/Instr_Memory.v    ;         ;
; CORE/PC_Adder.v                  ; yes             ; User Verilog HDL File                       ; D:/1 - FPGA/5 - RISCV/4 - Pipeline_RISCV/CORE/PC_Adder.v        ;         ;
; CORE/Decode_Cycle.v              ; yes             ; User Verilog HDL File                       ; D:/1 - FPGA/5 - RISCV/4 - Pipeline_RISCV/CORE/Decode_Cycle.v    ;         ;
; CORE/Control_Unit.v              ; yes             ; User Verilog HDL File                       ; D:/1 - FPGA/5 - RISCV/4 - Pipeline_RISCV/CORE/Control_Unit.v    ;         ;
; CORE/Main_Decoder.v              ; yes             ; User Verilog HDL File                       ; D:/1 - FPGA/5 - RISCV/4 - Pipeline_RISCV/CORE/Main_Decoder.v    ;         ;
; CORE/Control.v                   ; yes             ; User Verilog HDL File                       ; D:/1 - FPGA/5 - RISCV/4 - Pipeline_RISCV/CORE/Control.v         ;         ;
; CORE/ALU_Decoder.v               ; yes             ; User Verilog HDL File                       ; D:/1 - FPGA/5 - RISCV/4 - Pipeline_RISCV/CORE/ALU_Decoder.v     ;         ;
; CORE/Register_File.v             ; yes             ; User Verilog HDL File                       ; D:/1 - FPGA/5 - RISCV/4 - Pipeline_RISCV/CORE/Register_File.v   ;         ;
; CORE/ImmGen.v                    ; yes             ; User Verilog HDL File                       ; D:/1 - FPGA/5 - RISCV/4 - Pipeline_RISCV/CORE/ImmGen.v          ;         ;
; CORE/Execute_Cycle.v             ; yes             ; User Verilog HDL File                       ; D:/1 - FPGA/5 - RISCV/4 - Pipeline_RISCV/CORE/Execute_Cycle.v   ;         ;
; CORE/Mux_3_by_1.v                ; yes             ; User Verilog HDL File                       ; D:/1 - FPGA/5 - RISCV/4 - Pipeline_RISCV/CORE/Mux_3_by_1.v      ;         ;
; CORE/ALU.v                       ; yes             ; User Verilog HDL File                       ; D:/1 - FPGA/5 - RISCV/4 - Pipeline_RISCV/CORE/ALU.v             ;         ;
; CORE/Branch_Unit.v               ; yes             ; User Verilog HDL File                       ; D:/1 - FPGA/5 - RISCV/4 - Pipeline_RISCV/CORE/Branch_Unit.v     ;         ;
; CORE/Data_RAM.v                  ; yes             ; User Verilog HDL File                       ; D:/1 - FPGA/5 - RISCV/4 - Pipeline_RISCV/CORE/Data_RAM.v        ;         ;
; CORE/Memory_Cycle.v              ; yes             ; User Verilog HDL File                       ; D:/1 - FPGA/5 - RISCV/4 - Pipeline_RISCV/CORE/Memory_Cycle.v    ;         ;
; CORE/Writeback_Cycle.v           ; yes             ; User Verilog HDL File                       ; D:/1 - FPGA/5 - RISCV/4 - Pipeline_RISCV/CORE/Writeback_Cycle.v ;         ;
; CORE/Forwarding_Unit.v           ; yes             ; User Verilog HDL File                       ; D:/1 - FPGA/5 - RISCV/4 - Pipeline_RISCV/CORE/Forwarding_Unit.v ;         ;
; CORE/Stall_Unit.v                ; yes             ; User Verilog HDL File                       ; D:/1 - FPGA/5 - RISCV/4 - Pipeline_RISCV/CORE/Stall_Unit.v      ;         ;
; CORE/Hazard_Unit.v               ; yes             ; User Verilog HDL File                       ; D:/1 - FPGA/5 - RISCV/4 - Pipeline_RISCV/CORE/Hazard_Unit.v     ;         ;
; firmware.hex                     ; yes             ; Auto-Found Hexadecimal (Intel-Format) File  ; D:/1 - FPGA/5 - RISCV/4 - Pipeline_RISCV/firmware.hex           ;         ;
+----------------------------------+-----------------+---------------------------------------------+-----------------------------------------------------------------+---------+


+-----------------------------------------------------+
; Analysis & Synthesis Resource Usage Summary         ;
+---------------------------------------------+-------+
; Resource                                    ; Usage ;
+---------------------------------------------+-------+
;                                             ;       ;
; Total combinational functions               ; 0     ;
; Logic element usage by number of LUT inputs ;       ;
;     -- 4 input functions                    ; 0     ;
;     -- 3 input functions                    ; 0     ;
;     -- <=2 input functions                  ; 0     ;
;                                             ;       ;
; Logic elements by mode                      ;       ;
;     -- normal mode                          ; 0     ;
;     -- arithmetic mode                      ; 0     ;
;                                             ;       ;
; Total registers                             ; 0     ;
;     -- Dedicated logic registers            ; 0     ;
;     -- I/O registers                        ; 0     ;
;                                             ;       ;
; I/O pins                                    ; 2     ;
;                                             ;       ;
; Embedded Multiplier 9-bit elements          ; 0     ;
;                                             ;       ;
; Maximum fan-out node                        ; clk   ;
; Maximum fan-out                             ; 1     ;
; Total fan-out                               ; 2     ;
; Average fan-out                             ; 0.50  ;
+---------------------------------------------+-------+


+------------------------------------------------------------------------------------------------------------------------------------------------------------------------------------------------------------------------------------+
; Analysis & Synthesis Resource Utilization by Entity                                                                                                                                                                                ;
+----------------------------+---------------------+---------------------------+-------------+------------+--------------+---------+-----------+------+--------------+------------+---------------------+-------------+--------------+
; Compilation Hierarchy Node ; Combinational ALUTs ; Dedicated Logic Registers ; Memory Bits ; UFM Blocks ; DSP Elements ; DSP 9x9 ; DSP 18x18 ; Pins ; Virtual Pins ; ADC blocks ; Full Hierarchy Name ; Entity Name ; Library Name ;
+----------------------------+---------------------+---------------------------+-------------+------------+--------------+---------+-----------+------+--------------+------------+---------------------+-------------+--------------+
; |CPU                       ; 0 (0)               ; 0 (0)                     ; 0           ; 0          ; 0            ; 0       ; 0         ; 2    ; 0            ; 0          ; |CPU                ; CPU         ; work         ;
+----------------------------+---------------------+---------------------------+-------------+------------+--------------+---------+-----------+------+--------------+------------+---------------------+-------------+--------------+
Note: For table entries with two numbers listed, the numbers in parentheses indicate the number of resources of the given type used by the specific entity alone. The numbers listed outside of parentheses indicate the total resources of the given type used by the specific entity and all of its sub-entities in the hierarchy.


+------------------------------------------------------+
; General Register Statistics                          ;
+----------------------------------------------+-------+
; Statistic                                    ; Value ;
+----------------------------------------------+-------+
; Total registers                              ; 0     ;
; Number of registers using Synchronous Clear  ; 0     ;
; Number of registers using Synchronous Load   ; 0     ;
; Number of registers using Asynchronous Clear ; 0     ;
; Number of registers using Asynchronous Load  ; 0     ;
; Number of registers using Clock Enable       ; 0     ;
; Number of registers using Preset             ; 0     ;
+----------------------------------------------+-------+


+----------------------------------------------------------------------------------------------------------------+
; Port Connectivity Checks: "Execute_Cycle:Execute|ALU:alu"                                                      ;
+------+--------+----------+-------------------------------------------------------------------------------------+
; Port ; Type   ; Severity ; Details                                                                             ;
+------+--------+----------+-------------------------------------------------------------------------------------+
; Zero ; Output ; Info     ; Connected to dangling logic. Logic that only feeds a dangling port will be removed. ;
+------+--------+----------+-------------------------------------------------------------------------------------+


+-------------------------------------------------------------------------------------------------------------------------------------------------------------------------+
; Port Connectivity Checks: "Execute_Cycle:Execute"                                                                                                                       ;
+-------+-------+----------+----------------------------------------------------------------------------------------------------------------------------------------------+
; Port  ; Type  ; Severity ; Details                                                                                                                                      ;
+-------+-------+----------+----------------------------------------------------------------------------------------------------------------------------------------------+
; BrUnE ; Input ; Warning  ; Declared by entity but not connected by instance. If a default value exists, it will be used.  Otherwise, the port will be connected to GND. ;
+-------+-------+----------+----------------------------------------------------------------------------------------------------------------------------------------------+


+--------------------------------------------------------------------------------------------------------------------+
; Port Connectivity Checks: "Decode_Cycle:Decode|Control_Unit:control_top|Main_Decoder:decode"                       ;
+----------+--------+----------+-------------------------------------------------------------------------------------+
; Port     ; Type   ; Severity ; Details                                                                             ;
+----------+--------+----------+-------------------------------------------------------------------------------------+
; opcode   ; Output ; Info     ; Connected to dangling logic. Logic that only feeds a dangling port will be removed. ;
; rs1_addr ; Output ; Info     ; Connected to dangling logic. Logic that only feeds a dangling port will be removed. ;
; rs2_addr ; Output ; Info     ; Connected to dangling logic. Logic that only feeds a dangling port will be removed. ;
; rd_addr  ; Output ; Info     ; Connected to dangling logic. Logic that only feeds a dangling port will be removed. ;
+----------+--------+----------+-------------------------------------------------------------------------------------+


+-----------------------------------------------------------------------------------------------------------------+
; Port Connectivity Checks: "Decode_Cycle:Decode"                                                                 ;
+-------+--------+----------+-------------------------------------------------------------------------------------+
; Port  ; Type   ; Severity ; Details                                                                             ;
+-------+--------+----------+-------------------------------------------------------------------------------------+
; BrUnE ; Output ; Info     ; Connected to dangling logic. Logic that only feeds a dangling port will be removed. ;
+-------+--------+----------+-------------------------------------------------------------------------------------+


+-----------------------------------------------------------------+
; Port Connectivity Checks: "Fetch_Cycle:Fetch|PC_Adder:pc_adder" ;
+-------------------+-------+----------+--------------------------+
; Port              ; Type  ; Severity ; Details                  ;
+-------------------+-------+----------+--------------------------+
; plus_value[31..3] ; Input ; Info     ; Stuck at GND             ;
; plus_value[1..0]  ; Input ; Info     ; Stuck at GND             ;
; plus_value[2]     ; Input ; Info     ; Stuck at VCC             ;
+-------------------+-------+----------+--------------------------+


+------------------------------------------------------------------------------------------------------------------------------------------------------------------------------------+
; Port Connectivity Checks: "Fetch_Cycle:Fetch|Instr_Memory:instruction_memory"                                                                                                      ;
+-----------+-------+----------+-----------------------------------------------------------------------------------------------------------------------------------------------------+
; Port      ; Type  ; Severity ; Details                                                                                                                                             ;
+-----------+-------+----------+-----------------------------------------------------------------------------------------------------------------------------------------------------+
; boot_mode ; Input ; Info     ; Stuck at GND                                                                                                                                        ;
; we_boot   ; Input ; Info     ; Stuck at GND                                                                                                                                        ;
; addr_boot ; Input ; Warning  ; Input port expression (1 bits) is smaller than the input port (32 bits) it drives.  Extra input bit(s) "addr_boot[31..1]" will be connected to GND. ;
; addr_boot ; Input ; Info     ; Stuck at GND                                                                                                                                        ;
; data_boot ; Input ; Warning  ; Input port expression (1 bits) is smaller than the input port (32 bits) it drives.  Extra input bit(s) "data_boot[31..1]" will be connected to GND. ;
; data_boot ; Input ; Info     ; Stuck at GND                                                                                                                                        ;
+-----------+-------+----------+-----------------------------------------------------------------------------------------------------------------------------------------------------+


+-----------------------------------------------------+
; Post-Synthesis Netlist Statistics for Top Partition ;
+-------------------+---------------------------------+
; Type              ; Count                           ;
+-------------------+---------------------------------+
; boundary_port     ; 2                               ;
;                   ;                                 ;
; Max LUT depth     ; 0.00                            ;
; Average LUT depth ; 0.00                            ;
+-------------------+---------------------------------+


+-------------------------------+
; Elapsed Time Per Partition    ;
+----------------+--------------+
; Partition Name ; Elapsed Time ;
+----------------+--------------+
; Top            ; 00:00:00     ;
+----------------+--------------+


+-------------------------------+
; Analysis & Synthesis Messages ;
+-------------------------------+
Info: *******************************************************************
Info: Running Quartus Prime Analysis & Synthesis
    Info: Version 20.1.0 Build 711 06/05/2020 SJ Lite Edition
    Info: Processing started: Thu Apr 16 16:14:33 2026
Info: Command: quartus_map --read_settings_files=on --write_settings_files=off pipeline_riscv -c pipeline_riscv
Warning (18236): Number of processors has not been specified which may cause overloading on shared machines.  Set the global assignment NUM_PARALLEL_PROCESSORS in your QSF to an appropriate value for best performance.
Info (20030): Parallel compilation is enabled and will use 8 of the 8 processors detected
Info (12021): Found 1 design units, including 1 entities, in source file core/cpu.v
    Info (12023): Found entity 1: CPU File: D:/1 - FPGA/5 - RISCV/4 - Pipeline_RISCV/CORE/CPU.v Line: 13
Info (12021): Found 1 design units, including 1 entities, in source file core/fetch_cycle.v
    Info (12023): Found entity 1: Fetch_Cycle File: D:/1 - FPGA/5 - RISCV/4 - Pipeline_RISCV/CORE/Fetch_Cycle.v Line: 6
Info (12021): Found 1 design units, including 1 entities, in source file core/pc_mux.v
    Info (12023): Found entity 1: PC_MUX File: D:/1 - FPGA/5 - RISCV/4 - Pipeline_RISCV/CORE/PC_MUX.v Line: 6
Info (12021): Found 1 design units, including 1 entities, in source file core/program_counter.v
    Info (12023): Found entity 1: Program_Counter File: D:/1 - FPGA/5 - RISCV/4 - Pipeline_RISCV/CORE/Program_Counter.v Line: 6
Info (12021): Found 1 design units, including 1 entities, in source file core/instr_memory.v
    Info (12023): Found entity 1: Instr_Memory File: D:/1 - FPGA/5 - RISCV/4 - Pipeline_RISCV/CORE/Instr_Memory.v Line: 6
Info (12021): Found 1 design units, including 1 entities, in source file core/pc_adder.v
    Info (12023): Found entity 1: PC_Adder File: D:/1 - FPGA/5 - RISCV/4 - Pipeline_RISCV/CORE/PC_Adder.v Line: 6
Info (12021): Found 1 design units, including 1 entities, in source file core/decode_cycle.v
    Info (12023): Found entity 1: Decode_Cycle File: D:/1 - FPGA/5 - RISCV/4 - Pipeline_RISCV/CORE/Decode_Cycle.v Line: 6
Info (12021): Found 1 design units, including 1 entities, in source file core/tb_fetch_cycle.v
    Info (12023): Found entity 1: tb_Fetch_Cycle File: D:/1 - FPGA/5 - RISCV/4 - Pipeline_RISCV/CORE/tb_Fetch_Cycle.v Line: 7
Info (12021): Found 1 design units, including 1 entities, in source file core/control_unit.v
    Info (12023): Found entity 1: Control_Unit File: D:/1 - FPGA/5 - RISCV/4 - Pipeline_RISCV/CORE/Control_Unit.v Line: 7
Info (12021): Found 1 design units, including 1 entities, in source file core/main_decoder.v
    Info (12023): Found entity 1: Main_Decoder File: D:/1 - FPGA/5 - RISCV/4 - Pipeline_RISCV/CORE/Main_Decoder.v Line: 6
Info (12021): Found 1 design units, including 1 entities, in source file core/control.v
    Info (12023): Found entity 1: Control File: D:/1 - FPGA/5 - RISCV/4 - Pipeline_RISCV/CORE/Control.v Line: 6
Info (12021): Found 1 design units, including 1 entities, in source file core/alu_decoder.v
    Info (12023): Found entity 1: ALU_Decoder File: D:/1 - FPGA/5 - RISCV/4 - Pipeline_RISCV/CORE/ALU_Decoder.v Line: 6
Info (12021): Found 1 design units, including 1 entities, in source file core/tb_control_unit.v
    Info (12023): Found entity 1: tb_Control_Unit File: D:/1 - FPGA/5 - RISCV/4 - Pipeline_RISCV/CORE/tb_Control_Unit.v Line: 3
Info (12021): Found 1 design units, including 1 entities, in source file core/register_file.v
    Info (12023): Found entity 1: Register_File File: D:/1 - FPGA/5 - RISCV/4 - Pipeline_RISCV/CORE/Register_File.v Line: 6
Info (12021): Found 1 design units, including 1 entities, in source file core/immgen.v
    Info (12023): Found entity 1: ImmGen File: D:/1 - FPGA/5 - RISCV/4 - Pipeline_RISCV/CORE/ImmGen.v Line: 6
Info (12021): Found 1 design units, including 1 entities, in source file core/tb_decode_cycle.v
    Info (12023): Found entity 1: tb_Decode_Cycle File: D:/1 - FPGA/5 - RISCV/4 - Pipeline_RISCV/CORE/tb_Decode_Cycle.v Line: 3
Info (12021): Found 1 design units, including 1 entities, in source file core/execute_cycle.v
    Info (12023): Found entity 1: Execute_Cycle File: D:/1 - FPGA/5 - RISCV/4 - Pipeline_RISCV/CORE/Execute_Cycle.v Line: 6
Info (12021): Found 1 design units, including 1 entities, in source file core/mux_3_by_1.v
    Info (12023): Found entity 1: Mux_3_by_1 File: D:/1 - FPGA/5 - RISCV/4 - Pipeline_RISCV/CORE/Mux_3_by_1.v Line: 7
Info (12021): Found 1 design units, including 1 entities, in source file core/alu.v
    Info (12023): Found entity 1: ALU File: D:/1 - FPGA/5 - RISCV/4 - Pipeline_RISCV/CORE/ALU.v Line: 6
Info (12021): Found 1 design units, including 1 entities, in source file core/branch_unit.v
    Info (12023): Found entity 1: Branch_Unit File: D:/1 - FPGA/5 - RISCV/4 - Pipeline_RISCV/CORE/Branch_Unit.v Line: 6
Info (12021): Found 1 design units, including 1 entities, in source file core/tb_execute_cycle.v
    Info (12023): Found entity 1: tb_Execute_Cycle File: D:/1 - FPGA/5 - RISCV/4 - Pipeline_RISCV/CORE/tb_Execute_Cycle.v Line: 3
Info (12021): Found 1 design units, including 1 entities, in source file core/data_ram.v
    Info (12023): Found entity 1: Data_RAM File: D:/1 - FPGA/5 - RISCV/4 - Pipeline_RISCV/CORE/Data_RAM.v Line: 5
Info (12021): Found 1 design units, including 1 entities, in source file core/memory_cycle.v
    Info (12023): Found entity 1: Memory_Cycle File: D:/1 - FPGA/5 - RISCV/4 - Pipeline_RISCV/CORE/Memory_Cycle.v Line: 6
Info (12021): Found 1 design units, including 1 entities, in source file core/tb_memory_cycle.v
    Info (12023): Found entity 1: tb_Memory_Cycle File: D:/1 - FPGA/5 - RISCV/4 - Pipeline_RISCV/CORE/tb_Memory_Cycle.v Line: 3
Info (12021): Found 1 design units, including 1 entities, in source file core/writeback_cycle.v
    Info (12023): Found entity 1: Writeback_Cycle File: D:/1 - FPGA/5 - RISCV/4 - Pipeline_RISCV/CORE/Writeback_Cycle.v Line: 6
Info (12021): Found 1 design units, including 1 entities, in source file core/tb_writeback_cycle.v
    Info (12023): Found entity 1: tb_Writeback_Cycle File: D:/1 - FPGA/5 - RISCV/4 - Pipeline_RISCV/CORE/tb_Writeback_Cycle.v Line: 3
Info (12021): Found 1 design units, including 1 entities, in source file core/forwarding_unit.v
    Info (12023): Found entity 1: Forwarding_Unit File: D:/1 - FPGA/5 - RISCV/4 - Pipeline_RISCV/CORE/Forwarding_Unit.v Line: 5
Info (12021): Found 1 design units, including 1 entities, in source file core/tb_forwarding_unit.v
    Info (12023): Found entity 1: tb_Forwarding_Unit File: D:/1 - FPGA/5 - RISCV/4 - Pipeline_RISCV/CORE/tb_Forwarding_Unit.v Line: 3
Info (12021): Found 1 design units, including 1 entities, in source file core/stall_unit.v
    Info (12023): Found entity 1: Stall_Unit File: D:/1 - FPGA/5 - RISCV/4 - Pipeline_RISCV/CORE/Stall_Unit.v Line: 6
Info (12021): Found 1 design units, including 1 entities, in source file core/hazard_unit.v
    Info (12023): Found entity 1: Hazard_Unit File: D:/1 - FPGA/5 - RISCV/4 - Pipeline_RISCV/CORE/Hazard_Unit.v Line: 9
Info (12021): Found 1 design units, including 1 entities, in source file core/tb_hazard_unit.v
    Info (12023): Found entity 1: tb_Hazard_Unit File: D:/1 - FPGA/5 - RISCV/4 - Pipeline_RISCV/CORE/tb_Hazard_Unit.v Line: 5
Info (12021): Found 1 design units, including 1 entities, in source file core/tb_cpu.v
    Info (12023): Found entity 1: tb_CPU File: D:/1 - FPGA/5 - RISCV/4 - Pipeline_RISCV/CORE/tb_CPU.v Line: 3
Info (12127): Elaborating entity "CPU" for the top level hierarchy
Info (12128): Elaborating entity "Fetch_Cycle" for hierarchy "Fetch_Cycle:Fetch" File: D:/1 - FPGA/5 - RISCV/4 - Pipeline_RISCV/CORE/CPU.v Line: 101
Info (12128): Elaborating entity "PC_MUX" for hierarchy "Fetch_Cycle:Fetch|PC_MUX:pc_mux" File: D:/1 - FPGA/5 - RISCV/4 - Pipeline_RISCV/CORE/Fetch_Cycle.v Line: 76
Info (12128): Elaborating entity "Program_Counter" for hierarchy "Fetch_Cycle:Fetch|Program_Counter:pc_counter" File: D:/1 - FPGA/5 - RISCV/4 - Pipeline_RISCV/CORE/Fetch_Cycle.v Line: 93
Info (12128): Elaborating entity "Instr_Memory" for hierarchy "Fetch_Cycle:Fetch|Instr_Memory:instruction_memory" File: D:/1 - FPGA/5 - RISCV/4 - Pipeline_RISCV/CORE/Fetch_Cycle.v Line: 114
Info (12128): Elaborating entity "PC_Adder" for hierarchy "Fetch_Cycle:Fetch|PC_Adder:pc_adder" File: D:/1 - FPGA/5 - RISCV/4 - Pipeline_RISCV/CORE/Fetch_Cycle.v Line: 129
Info (12128): Elaborating entity "Decode_Cycle" for hierarchy "Decode_Cycle:Decode" File: D:/1 - FPGA/5 - RISCV/4 - Pipeline_RISCV/CORE/CPU.v Line: 150
Info (12128): Elaborating entity "Control_Unit" for hierarchy "Decode_Cycle:Decode|Control_Unit:control_top" File: D:/1 - FPGA/5 - RISCV/4 - Pipeline_RISCV/CORE/Decode_Cycle.v Line: 145
Info (12128): Elaborating entity "Main_Decoder" for hierarchy "Decode_Cycle:Decode|Control_Unit:control_top|Main_Decoder:decode" File: D:/1 - FPGA/5 - RISCV/4 - Pipeline_RISCV/CORE/Control_Unit.v Line: 74
Warning (10270): Verilog HDL Case Statement warning at Main_Decoder.v(58): incomplete case statement has no default case item File: D:/1 - FPGA/5 - RISCV/4 - Pipeline_RISCV/CORE/Main_Decoder.v Line: 58
Info (12128): Elaborating entity "Control" for hierarchy "Decode_Cycle:Decode|Control_Unit:control_top|Control:control_signal" File: D:/1 - FPGA/5 - RISCV/4 - Pipeline_RISCV/CORE/Control_Unit.v Line: 106
Info (12128): Elaborating entity "ALU_Decoder" for hierarchy "Decode_Cycle:Decode|Control_Unit:control_top|ALU_Decoder:alu_control" File: D:/1 - FPGA/5 - RISCV/4 - Pipeline_RISCV/CORE/Control_Unit.v Line: 122
Info (12128): Elaborating entity "Register_File" for hierarchy "Decode_Cycle:Decode|Register_File:regfile" File: D:/1 - FPGA/5 - RISCV/4 - Pipeline_RISCV/CORE/Decode_Cycle.v Line: 167
Warning (10240): Verilog HDL Always Construct warning at Register_File.v(32): inferring latch(es) for variable "i", which holds its previous value in one or more paths through the always construct File: D:/1 - FPGA/5 - RISCV/4 - Pipeline_RISCV/CORE/Register_File.v Line: 32
Info (12128): Elaborating entity "ImmGen" for hierarchy "Decode_Cycle:Decode|ImmGen:imm_type" File: D:/1 - FPGA/5 - RISCV/4 - Pipeline_RISCV/CORE/Decode_Cycle.v Line: 180
Info (12128): Elaborating entity "Execute_Cycle" for hierarchy "Execute_Cycle:Execute" File: D:/1 - FPGA/5 - RISCV/4 - Pipeline_RISCV/CORE/CPU.v Line: 202
Info (12128): Elaborating entity "Mux_3_by_1" for hierarchy "Execute_Cycle:Execute|Mux_3_by_1:muxA" File: D:/1 - FPGA/5 - RISCV/4 - Pipeline_RISCV/CORE/Execute_Cycle.v Line: 105
Info (12128): Elaborating entity "ALU" for hierarchy "Execute_Cycle:Execute|ALU:alu" File: D:/1 - FPGA/5 - RISCV/4 - Pipeline_RISCV/CORE/Execute_Cycle.v Line: 166
Info (12128): Elaborating entity "Branch_Unit" for hierarchy "Execute_Cycle:Execute|Branch_Unit:branch_unit" File: D:/1 - FPGA/5 - RISCV/4 - Pipeline_RISCV/CORE/Execute_Cycle.v Line: 184
Info (12128): Elaborating entity "Memory_Cycle" for hierarchy "Memory_Cycle:Memory" File: D:/1 - FPGA/5 - RISCV/4 - Pipeline_RISCV/CORE/CPU.v Line: 234
Info (12128): Elaborating entity "Data_RAM" for hierarchy "Memory_Cycle:Memory|Data_RAM:dmem" File: D:/1 - FPGA/5 - RISCV/4 - Pipeline_RISCV/CORE/Memory_Cycle.v Line: 54
Info (12128): Elaborating entity "Writeback_Cycle" for hierarchy "Writeback_Cycle:Writeback" File: D:/1 - FPGA/5 - RISCV/4 - Pipeline_RISCV/CORE/CPU.v Line: 253
Info (12128): Elaborating entity "Hazard_Unit" for hierarchy "Hazard_Unit:Hazard" File: D:/1 - FPGA/5 - RISCV/4 - Pipeline_RISCV/CORE/CPU.v Line: 284
Info (12128): Elaborating entity "Forwarding_Unit" for hierarchy "Hazard_Unit:Hazard|Forwarding_Unit:forward" File: D:/1 - FPGA/5 - RISCV/4 - Pipeline_RISCV/CORE/Hazard_Unit.v Line: 53
Info (12128): Elaborating entity "Stall_Unit" for hierarchy "Hazard_Unit:Hazard|Stall_Unit:stall" File: D:/1 - FPGA/5 - RISCV/4 - Pipeline_RISCV/CORE/Hazard_Unit.v Line: 71
Warning (12241): 2 hierarchies have connectivity warnings - see the Connectivity Checks report folder
Info (16010): Generating hard_block partition "hard_block:auto_generated_inst"
    Info (16011): Adding 0 node(s), including 0 DDIO, 0 PLL, 0 transceiver and 0 LCELL
Warning (21074): Design contains 2 input pin(s) that do not drive logic
    Warning (15610): No output dependent on input pin "clk" File: D:/1 - FPGA/5 - RISCV/4 - Pipeline_RISCV/CORE/CPU.v Line: 14
    Warning (15610): No output dependent on input pin "reset" File: D:/1 - FPGA/5 - RISCV/4 - Pipeline_RISCV/CORE/CPU.v Line: 16
Info (21057): Implemented 2 device resources after synthesis - the final resource count might be different
    Info (21058): Implemented 2 input pins
    Info (21059): Implemented 0 output pins
Info: Quartus Prime Analysis & Synthesis was successful. 0 errors, 7 warnings
    Info: Peak virtual memory: 4757 megabytes
    Info: Processing ended: Thu Apr 16 16:14:39 2026
    Info: Elapsed time: 00:00:06
    Info: Total CPU time (on all processors): 00:00:15


