
Merging object attributes


There are no discarded input sections

Memory Configuration

Name             Origin             Length             Attributes
RAM              0x00000000         0x00001000
*default*        0x00000000         0xffffffff

Linker script and memory map


.text           0x00000000      0x2bc
 *(.text.start)
 .text.start    0x00000000        0xc ./start.o
                0x00000000                start
 *(.text*)
 .text          0x0000000c        0x0 ./start.o
 .text          0x0000000c      0x20c ./main.o
                0x0000000c                uart_putc
                0x00000028                uart_getc
                0x00000048                uart_puts
                0x0000007c                uart_put_hex
                0x000000f0                test_echo
                0x0000010c                test_string
                0x00000148                test_binary
                0x0000017c                test_rx_hex
                0x000001b4                main
 *(.rodata*)
 .rodata.str1.4
                0x00000218       0xa3 ./main.o
                0x000002bc                        . = ALIGN (0x4)
 *fill*         0x000002bb        0x1 

.rela.dyn       0x000002bc        0x0
 .rela.text.start
                0x000002bc        0x0 ./start.o

.data           0x000002bc        0x0
 *(.data*)
 .data          0x000002bc        0x0 ./start.o
 .data          0x000002bc        0x0 ./main.o
                0x000002bc                        . = ALIGN (0x4)

.bss            0x000002bc        0x0
 *(.bss*)
 .bss           0x000002bc        0x0 ./start.o
 .bss           0x000002bc        0x0 ./main.o
                0x000002bc                        . = ALIGN (0x4)
                0x000002bc                        . = ALIGN (0x4)
                0x00001000                        . = (ORIGIN (RAM) + LENGTH (RAM))
                0x00001000                        _stack_top = .
LOAD ./start.o
LOAD ./main.o
LOAD /opt/riscv32i/lib/gcc/riscv32-unknown-elf/15.2.0/libgcc.a
OUTPUT(firmware.elf elf32-littleriscv)

.riscv.attributes
                0x00000000       0x1c
 .riscv.attributes
                0x00000000       0x1a ./start.o
 .riscv.attributes
                0x0000001a       0x1c ./main.o

.comment        0x00000000       0x1a
 .comment       0x00000000       0x1a ./main.o
                                 0x1b (size before relaxing)

.note.GNU-stack
                0x00000000        0x0
 .note.GNU-stack
                0x00000000        0x0 ./main.o
